WARNING: test/ROM.v:23: $readmemh(test/1-binary/div_3_instructions.mem): Not enough words in the file for the requested range [-1077936128:-1077933128].
WARNING: test/ROM.v:24: $readmemh(pre_reset_v.mem): Not enough words in the file for the requested range [-1077936136:-1077936128].
Instruction = 24
Instruction r = 24
WARNING: test/RAM.v:56: $readmemh(test/5-data/data_div_3.mem): Too many words in the file for the requested range [256:1000].
VCD info: dumpfile CPU_TB.vcd opened for output.
ROM MODULE RESULTS:
CPU started
RESULT = c8c00000
test/CPU_tb.v:72: $finish called at 19 (1s)
