WARNING: test/ROM.v:21: $readmemh(test/testcases/bne_3_instructions.mem): Not enough words in the file for the requested range [-1077936128:-1077933128].
Instruction = 26
Instruction r = 26
WARNING: rtl/RAM.v:53: $readmemh(data.mem): Not enough words in the file for the requested range [256:1000].
VCD info: dumpfile CPU_TB.vcd opened for output.
ROM MODULE RESULTS:
CPU started
REG_V0 =  00000000
REG_V0 =  00000000
REG_V0 =  00000000
REG_V0 =  00000000
REG_V0 =  00000000
REG_V0 =  00000000
REG_V0 =  00000001
REG_V0 =  00000001
REG_V0 =  00000001
REG_V0 =  00000001
REG_V0 =  00000001
REG_V0 =  ffffabce
REG_V0 =  ffffabce
REG_V0 =  ffffabce
REG_V0 =  ffffabce
REG_V0 =  ffffabce
REG_V0 =  ffffabce
REG_V0 =  ffffabce
REG_V0 =  ffffabce
REG_V0 =  ffffabce
RESULT =  ffffabce
