WARNING: test/ROM.v:23: $readmemh(test/1-binary/j_2_instructions.mem): Not enough words in the file for the requested range [-1077936128:-1077933128].
WARNING: test/ROM.v:24: $readmemh(pre_reset_v.mem): Not enough words in the file for the requested range [-1077936136:-1077936128].
Instruction = 26
Instruction r = 26
WARNING: test/RAM.v:56: $readmemh(test/5-data/data_j_2.mem): Too many words in the file for the requested range [256:1000].
VCD info: dumpfile CPU_TB.vcd opened for output.
ROM MODULE RESULTS:
CPU started
RESULT = ffffabce
test/CPU_tb.v:72: $finish called at 29 (1s)
