WARNING: test/ROM.v:21: $readmemh(test/testcases/beq_3_instructions.mem): Not enough words in the file for the requested range [-1077936128:-1077933128].
Instruction = 00
Instruction r = 00
WARNING: rtl/RAM.v:53: $readmemh(data.mem): Not enough words in the file for the requested range [256:1000].
VCD info: dumpfile CPU_TB.vcd opened for output.
ROM MODULE RESULTS:
CPU started
REG_V0 =  00000000
REG_V0 =  00000000
REG_V0 =  00000000
REG_V0 =  00000000
REG_V0 =  00000000
REG_V0 =  00000000
REG_V0 =  00000002
REG_V0 =  00000002
REG_V0 =  00000002
REG_V0 =  00000002
REG_V0 =  00000002
REG_V0 =  00000002
REG_V0 =  00000002
REG_V0 =  00000002
REG_V0 =  00000002
REG_V0 =  00000002
REG_V0 =  00000002
REG_V0 =  00000002
REG_V0 =  00000002
REG_V0 =  00000002
RESULT =  00000002
