WARNING: test/ROM.v:21: $readmemh(test/testcases/opcode_test_blez_4_instructions.mem): Not enough words in the file for the requested range [-1077936128:-1077932628].
Instruction = 26
Instruction r = 26
WARNING: rtl/RAM.v:43: $readmemh(data.mem): Not enough words in the file for the requested range [0:1000].
VCD info: dumpfile CPU_TB.vcd opened for output.
ROM MODULE RESULTS:
CPU started
REG_V0 =  00000000
REG_V0 =  00000000
REG_V0 =  00000000
REG_V0 =  00000000
REG_V0 =  00000002
REG_V0 =  00000002
REG_V0 =  00000102
REG_V0 =  00000102
REG_V0 =  00000102
REG_V0 =  00000102
REG_V0 =  00000102
REG_V0 =  00000102
REG_V0 =  00000102
REG_V0 =  00000102
REG_V0 =  00000102
REG_V0 =  00000102
REG_V0 =  00000102
REG_V0 =  00000102
REG_V0 =  00000102
REG_V0 =  00000102
RESULT =  00000102
