WARNING: test/ROM.v:23: $readmemh(test/1-binary/jal_1_instructions.mem): Not enough words in the file for the requested range [-1077936128:-1077933128].
WARNING: test/ROM.v:24: $readmemh(pre_reset_v.mem): Not enough words in the file for the requested range [-1077936136:-1077936128].
Instruction = 0f
Instruction r = 0f
ERROR: rtl/RAM.v:56: $readmemh: Unable to open test/5-data/data_jal_1.mem for reading.
VCD info: dumpfile CPU_TB.vcd opened for output.
ROM MODULE RESULTS:
CPU started
RESULT = 00001112
