WARNING: test/ROM.v:23: $readmemh(test/testcases/lui_1_instructions.mem): Not enough words in the file for the requested range [-1077936128:-1077933128].
WARNING: test/ROM.v:24: $readmemh(pre_reset_v.mem): Not enough words in the file for the requested range [-1077936136:-1077936128].
Instruction = 00
Instruction r = 00
WARNING: rtl/RAM.v:53: $readmemh(data.mem): Not enough words in the file for the requested range [256:1000].
VCD info: dumpfile CPU_TB.vcd opened for output.
ROM MODULE RESULTS:
CPU started
REG_V0 =  00000000
REG_V0 =  00000000
REG_V0 =  fdce0000
REG_V0 =  fdce0000
REG_V0 =  fdce0000
REG_V0 =  fdce0000
REG_V0 =  fdce0000
REG_V0 =  fdce0000
REG_V0 =  fdce0000
REG_V0 =  fdce0000
REG_V0 =  fdce0000
REG_V0 =  fdce0000
REG_V0 =  fdce0000
REG_V0 =  fdce0000
REG_V0 =  fdce0000
REG_V0 =  fdce0000
REG_V0 =  fdce0000
REG_V0 =  fdce0000
REG_V0 =  fdce0000
REG_V0 =  fdce0000
RESULT =  fdce0000
