WARNING: test/ROM.v:21: $readmemh(test/testcases/addiu_2_instructions.mem): Not enough words in the file for the requested range [-1077936128:-1077933128].
Instruction = 3c
Instruction r = 3c
WARNING: rtl/RAM.v:44: $readmemh(data.mem): Not enough words in the file for the requested range [256:1000].
VCD info: dumpfile CPU_TB.vcd opened for output.
ROM MODULE RESULTS:
CPU started
REG_V0 =  00000000
REG_V0 =  ffff0000
REG_V0 =  fffeabcd
REG_V0 =  fffeabcd
REG_V0 =  fffeabce
REG_V0 =  fffeabce
REG_V0 =  fffeabce
REG_V0 =  fffeabce
REG_V0 =  fffeabce
REG_V0 =  fffeabce
REG_V0 =  fffeabce
REG_V0 =  fffeabce
REG_V0 =  fffeabce
REG_V0 =  fffeabce
REG_V0 =  fffeabce
REG_V0 =  fffeabce
REG_V0 =  fffeabce
REG_V0 =  fffeabce
REG_V0 =  fffeabce
REG_V0 =  fffeabce
RESULT =  fffeabce
