WARNING: test/ROM.v:23: $readmemh(test/1-binary/bgez_3_instructions.mem): Not enough words in the file for the requested range [-1077936128:-1077933128].
WARNING: test/ROM.v:24: $readmemh(pre_reset_v.mem): Not enough words in the file for the requested range [-1077936136:-1077936128].
Instruction = 24
Instruction r = 24
ERROR: rtl/RAM.v:56: $readmemh: Unable to open test/5-data/data_bgez_3.mem for reading.
VCD info: dumpfile CPU_TB.vcd opened for output.
ROM MODULE RESULTS:
CPU started
RESULT = 0000000b
