WARNING: test/ROM.v:21: $readmemh(test/testcases/opcode_test_mtlo_3_instructions.mem): Not enough words in the file for the requested range [-1077936128:-1077933128].
Instruction = 24
Instruction r = 24
ERROR: rtl/RAM.v:44: $readmemh: Finish address 1000 is out of bounds for memory 'CPU_tb.ramx.RAM[0:100]'!
VCD info: dumpfile CPU_TB.vcd opened for output.
ROM MODULE RESULTS:
CPU started
REG_V0 =  00000000
REG_V0 =  00000000
REG_V0 =  00000000
REG_V0 =  00000000
REG_V0 =  00000000
REG_V0 =  00000000
REG_V0 =  00000000
REG_V0 =  00000000
REG_V0 =  00000000
REG_V0 =  00000000
REG_V0 =  00000000
REG_V0 =  00000000
REG_V0 =  00000000
REG_V0 =  00000000
REG_V0 =  00000000
REG_V0 =  00000000
REG_V0 =  00000000
REG_V0 =  00000000
REG_V0 =  00000000
REG_V0 =  00000000
RESULT =  00000000
