ERROR: test/ROM.v:23: $readmemh: Unable to open test/1-binary/hw_*_instructions.mem for reading.
WARNING: test/ROM.v:24: $readmemh(pre_reset_v.mem): Not enough words in the file for the requested range [-1077936136:-1077936128].
Instruction = xx
Instruction r = xx
ERROR: test/RAM.v:56: $readmemh: Unable to open test/5-data/data_hw_*.mem for reading.
VCD info: dumpfile CPU_TB.vcd opened for output.
ROM MODULE RESULTS:
CPU started
FATAL: test/CPU_tb.v:78: 
       Time: 1003 Scope: CPU_tb
