addiu s1 s1 0xf
sll s1 v0 0x4
#assert ($v0 = 0xf0)
