addiu s1 s1 0xffff
addiu s2 s2 0x1
sltu v0 s1 s2
jr $0
